// Jest Snapshot v1, https://goo.gl/fbAQLP

exports[`Header component should render successfully 1`] = `
<DocumentFragment>
  <header
    class="c-header"
  >
    <div
      class="o-shell o-shell--flex"
    >
      <a
        class="c-logo"
        href="/"
      />
      <nav
        class="c-nav"
      >
        <ul>
          <li>
            <a
              class=""
              href="/about"
            >
              About
            </a>
          </li>
          <li>
            <a
              class=""
              href="/login"
            >
              Login
            </a>
          </li>
        </ul>
      </nav>
    </div>
  </header>
</DocumentFragment>
`;
