// Jest Snapshot v1, https://goo.gl/fbAQLP

exports[`PasswordReset component should render successfully 1`] = `
<Wrapper
  className="o-wrapper--fancy"
>
  <PasswordResetForm
    onSubmit={[Function]}
  >
    <p
      className="c-form__hint"
    >
      You can also
       
      <Link
        to="/signup"
      >
        Sign up
      </Link>
       
      or
       
      <Link
        to="/login"
      >
        Login
      </Link>
    </p>
  </PasswordResetForm>
</Wrapper>
`;
