// Jest Snapshot v1, https://goo.gl/fbAQLP

exports[`Signup component should render successfully 1`] = `
<Component
  className="o-wrapper--fancy"
>
  <Component
    onSubmit={[Function]}
  >
    <p
      className="c-form__hint"
    >
      Already have an account? 
      <Link
        to="/login"
      >
        Login
      </Link>
    </p>
  </Component>
</Component>
`;
