// Jest Snapshot v1, https://goo.gl/fbAQLP

exports[`LoginForm component should render successfully 1`] = `
<form
  className="c-form c-form--login"
  onSubmit={[Function]}
>
  <h2>
    Login
  </h2>
  <Field
    label="Email Address"
    name="email"
    placeholder="someone@example.com"
    register={
      {
        "name": "email",
        "onBlur": [Function],
        "onChange": [Function],
        "ref": [Function],
      }
    }
    type="email"
  />
  <Field
    label="Password"
    name="password"
    placeholder="********"
    register={
      {
        "name": "password",
        "onBlur": [Function],
        "onChange": [Function],
        "ref": [Function],
      }
    }
    type="password"
  />
  <Button
    className=""
    disabled={false}
    type="submit"
  >
    Login
  </Button>
</form>
`;
