// Jest Snapshot v1, https://goo.gl/fbAQLP

exports[`Login component should render successfully 1`] = `
<Component
  className="o-wrapper--fancy"
>
  <Component
    onSubmit={[Function]}
  >
    <p
      className="c-form__hint"
    >
      Don't have an account? 
      <Link
        to="/signup"
      >
        Sign up
      </Link>
    </p>
    <p
      className="c-form__hint"
    >
      Forgot password? 
      <Link
        to="/reset-password"
      >
        Reset password
      </Link>
    </p>
  </Component>
</Component>
`;
